============================= test session starts =============================
platform win32 -- Python 3.14.3, pytest-9.0.2, pluggy-1.6.0
rootdir: E:\Projects\gemaibotv2\gemaibotv2
configfile: pytest.ini
plugins: anyio-4.12.1, asyncio-1.3.0, cov-7.0.0, timeout-2.4.0, xdist-3.8.0
asyncio: mode=Mode.AUTO, debug=False, asyncio_default_fixture_loop_scope=None, asyncio_default_test_loop_scope=function
timeout: 30.0s
timeout method: thread
timeout func_only: False
created: 12/12 workers
12 workers [1643 items]

........................................................................ [  4%]
........................................................................ [  8%]
........................................................................ [ 13%]
........................................................................ [ 17%]
........................................................................ [ 21%]
........................................................................ [ 26%]
........................................................................ [ 30%]
........................................................................ [ 35%]
........................................................................ [ 39%]
........................................................................ [ 43%]
........................................................................ [ 48%]
........................................................................ [ 52%]
........................................................................ [ 56%]
........................................................................ [ 61%]
........................................................................ [ 65%]
........................................................................ [ 70%]
........................................................................ [ 74%]
........................................................................ [ 78%]
........................................................................ [ 83%]
........................................................................ [ 87%]
........................................................................ [ 92%]
........................................................................ [ 96%]
...........................................................              [100%]
============================== warnings summary ===============================
tests/e2e/test_chat_happy_path.py::test_e2e_happy_path_conversation
tests/test_integration_flow.py::test_happy_path_text_message
  E:\Projects\gemaibotv2\gemaibotv2\.venv\Lib\site-packages\google\genai\_api_client.py:765: DeprecationWarning: Inheritance class AiohttpClientSession from ClientSession is discouraged
    class AiohttpClientSession(aiohttp.ClientSession):  # type: ignore[misc]

tests/test_background_tasks.py::test_taskmanager_rejects_bare_coro_with_retry
  D:\gemaibotv2\gemaibotv2\tests\test_background_tasks.py:159: RuntimeWarning: coroutine 'test_taskmanager_rejects_bare_coro_with_retry.<locals>.dummy' was never awaited
  Enable tracemalloc to get traceback where the object was allocated.
  See https://docs.pytest.org/en/stable/how-to/capture-warnings.html#resource-warnings for more info.

tests/test_factories.py::test_make_telegram_message_has_async_edit_text
  E:\Projects\gemaibotv2\gemaibotv2\tests\test_factories.py:113: DeprecationWarning: 'asyncio.iscoroutinefunction' is deprecated and slated for removal in Python 3.16; use inspect.iscoroutinefunction() instead
    assert asyncio.iscoroutinefunction(msg.edit_text) or hasattr(msg.edit_text, "_mock_is_coroutine")

tests/test_metrics_snapshot.py::TestMetricsSnapshotAtomicity::test_events_during_db_write_are_preserved
  E:\Projects\gemaibotv2\gemaibotv2\app\metrics.py:235: RuntimeWarning: coroutine 'AsyncMockMixin._execute_mock_call' was never awaited
    await db.db_query(
  Enable tracemalloc to get traceback where the object was allocated.
  See https://docs.pytest.org/en/stable/how-to/capture-warnings.html#resource-warnings for more info.

-- Docs: https://docs.pytest.org/en/stable/how-to/capture-warnings.html
================ 1643 passed, 5 warnings in 106.38s (0:01:46) =================
